
Lab - Entering Commands
==========
Follow the instructions line-by-line.  

* Type in the commands as is, but ignore the beginning prompt.  
* Enter, tab, up and down are represented by <ENTER><TAB>,<UP> and <DOWN>.  
* "No output" or "nothing happens" are valid answers to any of the questions.
==========



==========
1. Open Terminal.  Type:

$ ls<ENTER>

Copy and paste the output of ls below.
----------
Juancarloss-Air:~ juancarlosospino$ ls
Applications		Library			Public
Creative Cloud Files	Movies			aardvar
Desktop			Music			foo
Documents		NetBeansProjects	mtec1003
Downloads		Pictures		pineapple
Juancarloss-Air:~ juancarlosospino$ 




==========
2a. Type: 

$ ls D<TAB>

What happens?  Describe it below.
----------

No such file in directory


==========
2b. Press <TAB> one more time.  Copy and paste the output below.
----------

Display all 1434 possibilities? (y or n)

==========
2c. Now press <ENTER>. Copy and paste the output below.
----------

!                            mkextunpack
./                           mkfifo
2to3                         mkfile
2to3-                        mklocale
2to3-2.7                     mknod
2to32.6                      mkpassdb
:                            mktemp
AppleFileServer              mmroff
BootCacheControl             mnthome
BuildStrings                 moo-outdated
CpMac                        moo-outdated5.18
DeRez                        moose-outdated
DevToolsSecurity             moose-outdated5.16
DirectoryService             moose-outdated5.18
FileStatsAgent               more
GetFileInfo                  mount
KernelEventAgent             mount_acfs
MergePef                     mount_afp
MvMac                        mount_cd9660
NetBootClientStatus          mount_cddafs
PasswordService              mount_devfs
ResMerger                    moun

==========
3.  Type:

$ ls -l Documents<ENTER>

Copy and paste the first *two lines* of output below.
----------
About Stacks.lpdf
Address Book - 05-12-2012.abbu
Adobe
Dear Daniela.docx
DesignLibrary_Illustrator.log
DesignLibrary_Photoshop.log
MOG - New Page-5.jpeg
Microsoft User Data
MultimediaFoundations_Chapter003_PlanningAndDesign (1).pdf
Processing
ResearchPaper_Wearables_Ospino_IMT1101.docx
Visit to Germanany Jan 2012 copy.pages
Visit to Germanany Jan 2012 copy.pdf
Visit to Germanany Jan 2012.pages
iCal 2012-05-12 18:53:48.icbu
letter to dr portika.docx
meshmixer
tatiana resignation.docx
wearables 1.docx
wearables.docx
Juancarloss-Air:~ juancarlosospino$ 

==========
4.  Type:

$ ls -a Documents

Copy and paste the first *two lines* of output below.
----------
.			.nbprofiler		Music
..			.netbeans-derby		NetBeansProjects
.CFUserTextEncoding	.oxilyxrrc		Pictures

==========
5.  Type:

<UP><ENTER>

What command was repeated?
----------

ent-v321-016:~ student$ ls -a

==========
6.  Type:

<UP><UP><UP><DOWN><ENTER>

What command was repeated?
----------
ent-v321-016:~ student$ ls -a


==========
7.  Type:

$ ls /Vol<TAB><ENTER>

What is the result of pressing tab?
----------

It recals the remaing letters of the word Volumes

==========
8.  Type:

$ ls doesnotexist

Copy and paste the output below.
----------

ls: doesnotexist: No such file or directory

==========
9.  What key do I press to go to the previous command?
----------
Up 


==========
10.  Name two flags that we used in this exercise.
----------

-a

==========
11.  What key do I use to attempt to autocomplete a command or a file name?
----------

Tab

==========
12.  What was the main command that we used throughout this exercise?
----------

ls

==========
13.  Name one argument that we passed to the command.
----------

Volumes 

==========
14.  Type:

$ foo<ENTER>

Copy and paste the output below.
----------

bash: foo: command not found

==========
15.  Type:

<UP><ENTER>

Copy and paste the output below.
----------

-bash: foo: command not found

==========
16.  In the following line....

$ ls -a Desktop

What is the command, flag, argument, and prompt?
----------
Command is Ls, Flag -a, argument is Disktop and prompt is $
